#-----------------------------------------------------------
# Vivado v2014.3.1 (64-bit)
# SW Build 1056140 on Thu Oct 30 17:03:40 MDT 2014
# IP Build 1028902 on Fri Sep 26 17:35:13 MDT 2014
# Start of session at: Sun May 22 19:02:33 2016
# Process ID: 6636
# Log file: C:/Users/nchikuma/Documents/NaruhiroChikuma/EASIROC/New_Firmware/project/vivado.log
# Journal file: C:/Users/nchikuma/Documents/NaruhiroChikuma/EASIROC/New_Firmware/project\vivado.jou
#-----------------------------------------------------------
start_gui
open_project C:/Users/nchikuma/Documents/NaruhiroChikuma/EASIROC/New_Firmware/project/project.xpr
reset_run synth_1
launch_runs impl_1 -to_step write_bitstream
wait_on_run impl_1
write_cfgmem -force -format MCS -size 32 -interface SPIx1 -loadbit "up 0x0 C:/Users/nchikuma/Documents/NaruhiroChikuma/easiroc/New_Firmware/project/project.runs/impl_1/TopLevel.bit"
write_cfgmem -force -format MCS -size 32 -interface SPIx1 -loadbit "up 0x0 C:/Users/nchikuma/Documents/NaruhiroChikuma/easiroc/New_Firmware/project/project.runs/impl_1/TopLevel.bit"
write_cfgmem -force -format MCS -size 32 -interface SPIx1 -loadbit "up 0x0 C:/Users/nchikuma/Documents/NaruhiroChikuma/easiroc/New_Firmware/project/project.runs/impl_1/TopLevel.bit" C:/Users/nchikuma/Documents/NaruhiroChikuma/easiroc/New_Firmware/project/TopLevel.mcs
