Copyright 1986-2014 Xilinx, Inc. All Rights Reserved.
-------------------------------------------------------------------------------------------------------------
| Tool Version : Vivado v.2014.3.1 (win64) Build 1056140 Thu Oct 30 17:03:40 MDT 2014
| Date         : Sat Sep 05 22:09:17 2020
| Host         : DESKTOP-1FKOVIF running 64-bit major release  (build 9200)
| Command      : report_utilization -file TopLevel_utilization_placed.rpt -pb TopLevel_utilization_placed.pb
| Design       : TopLevel
| Device       : xc7a100t
| Design State : Fully Placed
-------------------------------------------------------------------------------------------------------------

Utilization Design Information

Table of Contents
-----------------
1. Slice Logic
1.1 Summary of Registers by Type
2. Slice Logic Distribution
3. Memory
4. DSP
5. IO and GT Specific
6. Clocking
7. Specific Feature
8. Primitives
9. Black Boxes
10. Instantiated Netlists

1. Slice Logic
--------------

+----------------------------+-------+-------+-----------+-------+
|          Site Type         |  Used | Fixed | Available | Util% |
+----------------------------+-------+-------+-----------+-------+
| Slice LUTs                 | 17982 |     0 |     63400 | 28.36 |
|   LUT as Logic             | 13327 |     0 |     63400 | 21.02 |
|   LUT as Memory            |  4655 |     0 |     19000 | 24.50 |
|     LUT as Distributed RAM |  4176 |     0 |           |       |
|     LUT as Shift Register  |   479 |     0 |           |       |
| Slice Registers            | 24988 |     0 |    126800 | 19.70 |
|   Register as Flip Flop    | 24873 |     0 |    126800 | 19.61 |
|   Register as Latch        |   115 |     0 |    126800 |  0.09 |
| F7 Muxes                   |  1801 |     0 |     31700 |  5.68 |
| F8 Muxes                   |   669 |     0 |     15850 |  4.22 |
+----------------------------+-------+-------+-----------+-------+


1.1 Summary of Registers by Type
--------------------------------

+-------+--------------+-------------+--------------+
| Total | Clock Enable | Synchronous | Asynchronous |
+-------+--------------+-------------+--------------+
| 0     |            _ |           - |            - |
| 0     |            _ |           - |          Set |
| 0     |            _ |           - |        Reset |
| 0     |            _ |         Set |            - |
| 0     |            _ |       Reset |            - |
| 0     |          Yes |           - |            - |
| 178   |          Yes |           - |          Set |
| 8536  |          Yes |           - |        Reset |
| 122   |          Yes |         Set |            - |
| 16209 |          Yes |       Reset |            - |
+-------+--------------+-------------+--------------+


2. Slice Logic Distribution
---------------------------

+-------------------------------------------------------------+------------+-------+-----------+-------+
|                          Site Type                          |    Used    | Fixed | Available | Util% |
+-------------------------------------------------------------+------------+-------+-----------+-------+
| Slice                                                       |       8022 |     0 |     15850 | 50.61 |
|   SLICEL                                                    |       5419 |     0 |           |       |
|   SLICEM                                                    |       2603 |     0 |           |       |
| LUT as Logic                                                |      13327 |     0 |     63400 | 21.02 |
|   using O5 output only                                      |          3 |       |           |       |
|   using O6 output only                                      |      12393 |       |           |       |
|   using O5 and O6                                           |        931 |       |           |       |
| LUT as Memory                                               |       4655 |     0 |     19000 | 24.50 |
|   LUT as Distributed RAM                                    |       4176 |     0 |           |       |
|     using O5 output only                                    |          0 |       |           |       |
|     using O6 output only                                    |         32 |       |           |       |
|     using O5 and O6                                         |       4144 |       |           |       |
|   LUT as Shift Register                                     |        479 |     0 |           |       |
|     using O5 output only                                    |        131 |       |           |       |
|     using O6 output only                                    |        313 |       |           |       |
|     using O5 and O6                                         |         35 |       |           |       |
| LUT Flip Flop Pairs                                         |      28023 |     0 |     63400 | 44.20 |
|   fully used LUT-FF pairs                                   |       8434 |       |           |       |
|   LUT-FF pairs with unused LUT                              |      10175 |       |           |       |
|   LUT-FF pairs with unused Flip Flop                        |       9414 |       |           |       |
| Unique Control Sets                                         |       1048 |       |           |       |
| Minimum number of registers lost to control set restriction | 3628(Lost) |       |           |       |
+-------------------------------------------------------------+------------+-------+-----------+-------+


3. Memory
---------

+-------------------+------+-------+-----------+-------+
|     Site Type     | Used | Fixed | Available | Util% |
+-------------------+------+-------+-----------+-------+
| Block RAM Tile    |   29 |     0 |       135 | 21.48 |
|   RAMB36/FIFO*    |   19 |     0 |       135 | 14.07 |
|     RAMB36E1 only |   19 |       |           |       |
|   RAMB18          |   20 |     0 |       270 |  7.40 |
|     RAMB18E1 only |   20 |       |           |       |
+-------------------+------+-------+-----------+-------+
* Note: Each Block RAM Tile only has one FIFO logic available and therefore can accommodate only one FIFO36E1 or one FIFO18E1. However, if a FIFO18E1 occupies a Block RAM Tile, that tile can still accommodate a RAMB18E1


4. DSP
------

+-----------+------+-------+-----------+-------+
| Site Type | Used | Fixed | Available | Util% |
+-----------+------+-------+-----------+-------+
| DSPs      |    0 |     0 |       240 |  0.00 |
+-----------+------+-------+-----------+-------+


5. IO and GT Specific
---------------------

+-----------------------------+------+-------+-----------+-------+
|          Site Type          | Used | Fixed | Available | Util% |
+-----------------------------+------+-------+-----------+-------+
| Bonded IOB                  |  211 |   211 |       300 | 70.33 |
|   IOB Master Pads           |  103 |       |           |       |
|   IOB Slave Pads            |  103 |       |           |       |
|   IOB Flip Flops            |   57 |    57 |           |       |
| Bonded IPADs                |    0 |     0 |        26 |  0.00 |
| Bonded OPADs                |    0 |     0 |        16 |  0.00 |
| PHY_CONTROL                 |    0 |     0 |         6 |  0.00 |
| PHASER_REF                  |    0 |     0 |         6 |  0.00 |
| OUT_FIFO                    |    0 |     0 |        24 |  0.00 |
| IN_FIFO                     |    0 |     0 |        24 |  0.00 |
| IDELAYCTRL                  |    0 |     0 |         6 |  0.00 |
| IBUFGDS                     |    0 |     0 |       288 |  0.00 |
| PHASER_OUT/PHASER_OUT_PHY   |    0 |     0 |        24 |  0.00 |
| PHASER_IN/PHASER_IN_PHY     |    0 |     0 |        24 |  0.00 |
| IDELAYE2/IDELAYE2_FINEDELAY |    0 |     0 |       300 |  0.00 |
| IBUFDS_GTE2                 |    0 |     0 |         4 |  0.00 |
| ILOGIC                      |   53 |    53 |       300 | 17.66 |
|   IFF_Register              |   53 |    53 |           |       |
| OLOGIC                      |    4 |     4 |       300 |  1.33 |
|   OUTFF_Register            |    4 |     4 |           |       |
+-----------------------------+------+-------+-----------+-------+


6. Clocking
-----------

+------------+------+-------+-----------+-------+
|  Site Type | Used | Fixed | Available | Util% |
+------------+------+-------+-----------+-------+
| BUFGCTRL   |   12 |     0 |        32 | 37.50 |
| BUFIO      |    0 |     0 |        24 |  0.00 |
| MMCME2_ADV |    2 |     0 |         6 | 33.33 |
| PLLE2_ADV  |    0 |     0 |         6 |  0.00 |
| BUFMRCE    |    0 |     0 |        12 |  0.00 |
| BUFHCE     |    0 |     0 |        96 |  0.00 |
| BUFR       |    0 |     0 |        24 |  0.00 |
+------------+------+-------+-----------+-------+


7. Specific Feature
-------------------

+-------------+------+-------+-----------+-------+
|  Site Type  | Used | Fixed | Available | Util% |
+-------------+------+-------+-----------+-------+
| BSCANE2     |    0 |     0 |         4 |  0.00 |
| CAPTUREE2   |    0 |     0 |         1 |  0.00 |
| DNA_PORT    |    0 |     0 |         1 |  0.00 |
| EFUSE_USR   |    0 |     0 |         1 |  0.00 |
| FRAME_ECCE2 |    0 |     0 |         1 |  0.00 |
| ICAPE2      |    0 |     0 |         2 |  0.00 |
| PCIE_2_1    |    0 |     0 |         1 |  0.00 |
| STARTUPE2   |    0 |     0 |         1 |  0.00 |
| XADC        |    0 |     0 |         1 |  0.00 |
+-------------+------+-------+-----------+-------+


8. Primitives
-------------

+------------+-------+---------------------+
|  Ref Name  |  Used | Functional Category |
+------------+-------+---------------------+
| FDRE       | 16209 |        Flop & Latch |
| FDCE       |  8421 |        Flop & Latch |
| LUT6       |  6341 |                 LUT |
| RAMD32     |  6216 |  Distributed Memory |
| LUT3       |  2108 |                 LUT |
| RAMS32     |  2080 |  Distributed Memory |
| LUT2       |  1903 |                 LUT |
| MUXF7      |  1801 |               MuxFx |
| LUT4       |  1618 |                 LUT |
| LUT5       |  1524 |                 LUT |
| CARRY4     |   791 |          CarryLogic |
| LUT1       |   764 |                 LUT |
| MUXF8      |   669 |               MuxFx |
| SRL16E     |   483 |  Distributed Memory |
| FDPE       |   178 |        Flop & Latch |
| IBUF       |   137 |                  IO |
| FDSE       |   122 |        Flop & Latch |
| LDCE       |   115 |        Flop & Latch |
| OBUF       |    72 |                  IO |
| SRLC32E    |    31 |  Distributed Memory |
| RAMD64E    |    24 |  Distributed Memory |
| RAMB18E1   |    20 |        Block Memory |
| RAMB36E1   |    19 |        Block Memory |
| BUFG       |    11 |               Clock |
| OBUFT      |     3 |                  IO |
| MMCME2_ADV |     2 |               Clock |
| BUFGCTRL   |     1 |               Clock |
+------------+-------+---------------------+


9. Black Boxes
--------------

+----------+------+
| Ref Name | Used |
+----------+------+


10. Instantiated Netlists
-------------------------

+----------+------+
| Ref Name | Used |
+----------+------+


